*****************************************************************
      SolidWorks 公司 - IGES 处理器状态报告
*****************************************************************
=================================================================
总信息
=================================================================
发送系统产品 I.D.  : C:\Users\Boldy\Documents\MEGA\Projektek\Tolle\TOLEMEGFOGOK\TOLE13-625-14-000-00_460-as megfogo\ABB IRB 460_x_t.prt
接收系统产品 I.D.  : C:\Users\Boldy\Documents\MEGA\Projektek\Tolle\TOLEMEGFOGOK\TOLE13-625-14-000-00_460-as megfogo\ABB IRB 460_x_t.prt
文件名称                    : C:\Users\Boldy\Documents\MEGA\Projektek\Tolle\TOLEMEGFOGOK\ABB IRB 460_x_t.igs
发送系统              : NX V9.0
预处理器版本         : SIEMENS PLM Software NX 9.0
文件生成日期          : 20141122.172249
模型生成日期         : 20141016.160200
单位                        : MM
模型空间比例            : 1
作者                       : 
组织                 : 


=================================================================
实体处理信息
=================================================================
错误:   DE#  2699, TYPE   144: 在外剪裁环中遇见问题。
警告: DE#  2699, TYPE   144: 通过使用3D 剪裁曲线，错误被修正。
错误:   DE#  2799, TYPE   144: 在外剪裁环中遇见问题。
警告: DE#  2799, TYPE   144: 通过使用3D 剪裁曲线，错误被修正。
错误:   DE#  2815, TYPE   144: 在外剪裁环中遇见问题。
警告: DE#  2815, TYPE   144: 通过使用3D 剪裁曲线，错误被修正。
错误:   DE#  5569, TYPE   144: 在外剪裁环中遇见问题。
警告: DE#  5569, TYPE   144: 通过使用3D 剪裁曲线，错误被修正。
错误:   DE# 10867, TYPE   144: 在外剪裁环中遇见问题。
警告: DE# 10867, TYPE   144: 通过使用3D 剪裁曲线，错误被修正。
错误:   DE# 11753, TYPE   144: 在内剪裁环中遇见问题。
警告: DE# 11753, TYPE   144: 通过使用3D 剪裁曲线，错误被修正。
错误:   DE# 11881, TYPE   144: 在内剪裁环中遇见问题。
警告: DE# 11881, TYPE   144: 通过使用3D 剪裁曲线，错误被修正。
错误:   DE# 12433, TYPE   144: 在内剪裁环中遇见问题。
警告: DE# 12433, TYPE   144: 通过使用3D 剪裁曲线，错误被修正。
错误:   DE# 16151, TYPE   144: 在外剪裁环中遇见问题。
警告: DE# 16151, TYPE   144: 通过使用3D 剪裁曲线，错误被修正。
错误:   DE# 16861, TYPE   144: 在内剪裁环中遇见问题。
警告: DE# 16861, TYPE   144: 通过使用3D 剪裁曲线，错误被修正。
错误:   DE# 17909, TYPE   144: 在外剪裁环中遇见问题。
警告: DE# 17909, TYPE   144: 通过使用3D 剪裁曲线，错误被修正。
错误:   DE# 19073, TYPE   144: 在内剪裁环中遇见问题。
警告: DE# 19073, TYPE   144: 通过使用3D 剪裁曲线，错误被修正。
错误:   DE# 23789, TYPE   144: 在外剪裁环中遇见问题。
警告: DE# 23789, TYPE   144: 通过使用3D 剪裁曲线，错误被修正。
错误:   DE# 25167, TYPE   144: 在外剪裁环中遇见问题。
警告: DE# 25167, TYPE   144: 通过使用3D 剪裁曲线，错误被修正。
错误:   DE# 29211, TYPE   144: 在内剪裁环中遇见问题。
警告: DE# 29211, TYPE   144: 通过使用3D 剪裁曲线，错误被修正。
错误:   DE# 34011, TYPE   144: 在内剪裁环中遇见问题。
警告: DE# 34011, TYPE   144: 通过使用3D 剪裁曲线，错误被修正。
错误:   DE# 37043, TYPE   144: 在内剪裁环中遇见问题。
警告: DE# 37043, TYPE   144: 通过使用3D 剪裁曲线，错误被修正。
错误:   DE# 39331, TYPE   144: 在内剪裁环中遇见问题。
警告: DE# 39331, TYPE   144: 通过使用3D 剪裁曲线，错误被修正。
错误:   DE# 40795, TYPE   144: 在内剪裁环中遇见问题。
警告: DE# 40795, TYPE   144: 通过使用3D 剪裁曲线，错误被修正。
错误:   DE# 43161, TYPE   144: 在外剪裁环中遇见问题。
警告: DE# 43161, TYPE   144: 通过使用3D 剪裁曲线，错误被修正。
错误:   DE# 43233, TYPE   144: 在外剪裁环中遇见问题。
警告: DE# 43233, TYPE   144: 通过使用3D 剪裁曲线，错误被修正。
错误:   DE# 44947, TYPE   144: 在外剪裁环中遇见问题。
警告: DE# 44947, TYPE   144: 通过使用3D 剪裁曲线，错误被修正。
错误:   DE# 45037, TYPE   144: 在外剪裁环中遇见问题。
警告: DE# 45037, TYPE   144: 通过使用3D 剪裁曲线，错误被修正。
错误:   DE# 45425, TYPE   144: 在外剪裁环中遇见问题。
警告: DE# 45425, TYPE   144: 通过使用3D 剪裁曲线，错误被修正。
错误:   DE# 45513, TYPE   144: 在外剪裁环中遇见问题。
警告: DE# 45513, TYPE   144: 通过使用3D 剪裁曲线，错误被修正。
错误:   DE# 46099, TYPE   144: 在外剪裁环中遇见问题。
警告: DE# 46099, TYPE   144: 通过使用3D 剪裁曲线，错误被修正。
错误:   DE# 46275, TYPE   144: 在内剪裁环中遇见问题。
警告: DE# 46275, TYPE   144: 通过使用3D 剪裁曲线，错误被修正。
错误:   DE# 46731, TYPE   144: 在外剪裁环中遇见问题。
警告: DE# 46731, TYPE   144: 通过使用3D 剪裁曲线，错误被修正。
错误:   DE# 46791, TYPE   144: 在外剪裁环中遇见问题。
警告: DE# 46791, TYPE   144: 通过使用3D 剪裁曲线，错误被修正。
错误:   DE# 47849, TYPE   144: 在外剪裁环中遇见问题。
警告: DE# 47849, TYPE   144: 通过使用3D 剪裁曲线，错误被修正。
错误:   DE# 48269, TYPE   144: 在内剪裁环中遇见问题。
警告: DE# 48269, TYPE   144: 通过使用3D 剪裁曲线，错误被修正。
错误:   DE# 48329, TYPE   144: 在外剪裁环中遇见问题。
警告: DE# 48329, TYPE   144: 通过使用3D 剪裁曲线，错误被修正。
错误:   DE# 48965, TYPE   144: 在外剪裁环中遇见问题。
警告: DE# 48965, TYPE   144: 通过使用3D 剪裁曲线，错误被修正。
错误:   DE# 49041, TYPE   144: 在外剪裁环中遇见问题。
警告: DE# 49041, TYPE   144: 通过使用3D 剪裁曲线，错误被修正。
错误:   DE# 49113, TYPE   144: 在外剪裁环中遇见问题。
警告: DE# 49113, TYPE   144: 通过使用3D 剪裁曲线，错误被修正。
错误:   DE# 49641, TYPE   144: 在外剪裁环中遇见问题。
警告: DE# 49641, TYPE   144: 通过使用3D 剪裁曲线，错误被修正。
错误:   DE# 50241, TYPE   144: 在内剪裁环中遇见问题。
警告: DE# 50241, TYPE   144: 通过使用3D 剪裁曲线，错误被修正。
错误:   DE# 50405, TYPE   144: 在外剪裁环中遇见问题。
警告: DE# 50405, TYPE   144: 通过使用3D 剪裁曲线，错误被修正。
错误:   DE# 50525, TYPE   144: 在外剪裁环中遇见问题。
警告: DE# 50525, TYPE   144: 通过使用3D 剪裁曲线，错误被修正。
错误:   DE# 50769, TYPE   144: 在内剪裁环中遇见问题。
警告: DE# 50769, TYPE   144: 通过使用3D 剪裁曲线，错误被修正。
错误:   DE# 51699, TYPE   144: 在外剪裁环中遇见问题。
警告: DE# 51699, TYPE   144: 通过使用3D 剪裁曲线，错误被修正。
错误:   DE# 52095, TYPE   144: 在外剪裁环中遇见问题。
警告: DE# 52095, TYPE   144: 通过使用3D 剪裁曲线，错误被修正。
错误:   DE# 52547, TYPE   144: 在内剪裁环中遇见问题。
警告: DE# 52547, TYPE   144: 通过使用3D 剪裁曲线，错误被修正。
错误:   DE# 54263, TYPE   144: 在外剪裁环中遇见问题。
警告: DE# 54263, TYPE   144: 通过使用3D 剪裁曲线，错误被修正。
错误:   DE# 54623, TYPE   144: 在外剪裁环中遇见问题。
警告: DE# 54623, TYPE   144: 通过使用3D 剪裁曲线，错误被修正。
错误:   DE# 54691, TYPE   144: 在内剪裁环中遇见问题。
警告: DE# 54691, TYPE   144: 通过使用3D 剪裁曲线，错误被修正。
错误:   DE# 54847, TYPE   144: 在外剪裁环中遇见问题。
警告: DE# 54847, TYPE   144: 通过使用3D 剪裁曲线，错误被修正。
错误:   DE# 54983, TYPE   144: 在外剪裁环中遇见问题。
警告: DE# 54983, TYPE   144: 通过使用3D 剪裁曲线，错误被修正。
错误:   DE# 55865, TYPE   144: 在内剪裁环中遇见问题。
警告: DE# 55865, TYPE   144: 通过使用3D 剪裁曲线，错误被修正。
错误:   DE# 57533, TYPE   144: 在外剪裁环中遇见问题。
警告: DE# 57533, TYPE   144: 通过使用3D 剪裁曲线，错误被修正。
错误:   DE# 58317, TYPE   144: 在外剪裁环中遇见问题。
警告: DE# 58317, TYPE   144: 通过使用3D 剪裁曲线，错误被修正。
错误:   DE# 58829, TYPE   144: 在外剪裁环中遇见问题。
警告: DE# 58829, TYPE   144: 通过使用3D 剪裁曲线，错误被修正。
错误:   DE# 59261, TYPE   144: 在外剪裁环中遇见问题。
警告: DE# 59261, TYPE   144: 通过使用3D 剪裁曲线，错误被修正。
错误:   DE# 60245, TYPE   144: 在外剪裁环中遇见问题。
警告: DE# 60245, TYPE   144: 通过使用3D 剪裁曲线，错误被修正。
错误:   DE# 60541, TYPE   144: 在内剪裁环中遇见问题。
警告: DE# 60541, TYPE   144: 通过使用3D 剪裁曲线，错误被修正。
错误:   DE# 60713, TYPE   144: 在外剪裁环中遇见问题。
警告: DE# 60713, TYPE   144: 通过使用3D 剪裁曲线，错误被修正。
错误:   DE# 64545, TYPE   144: 在外剪裁环中遇见问题。
警告: DE# 64545, TYPE   144: 通过使用3D 剪裁曲线，错误被修正。
错误:   DE# 64653, TYPE   144: 在外剪裁环中遇见问题。
警告: DE# 64653, TYPE   144: 通过使用3D 剪裁曲线，错误被修正。
错误:   DE# 64681, TYPE   144: 在外剪裁环中遇见问题。
警告: DE# 64681, TYPE   144: 通过使用3D 剪裁曲线，错误被修正。
错误:   DE# 67483, TYPE   144: 在内剪裁环中遇见问题。
警告: DE# 67483, TYPE   144: 通过使用3D 剪裁曲线，错误被修正。
错误:   DE# 69989, TYPE   144: 在外剪裁环中遇见问题。
警告: DE# 69989, TYPE   144: 通过使用3D 剪裁曲线，错误被修正。
错误:   DE# 71575, TYPE   144: 在外剪裁环中遇见问题。
警告: DE# 71575, TYPE   144: 通过使用3D 剪裁曲线，错误被修正。
错误:   DE# 72617, TYPE   144: 在内剪裁环中遇见问题。
警告: DE# 72617, TYPE   144: 通过使用3D 剪裁曲线，错误被修正。
错误:   DE# 72801, TYPE   144: 在外剪裁环中遇见问题。
警告: DE# 72801, TYPE   144: 通过使用3D 剪裁曲线，错误被修正。
错误:   DE# 74039, TYPE   144: 在内剪裁环中遇见问题。
警告: DE# 74039, TYPE   144: 通过使用3D 剪裁曲线，错误被修正。
错误:   DE# 74879, TYPE   144: 在外剪裁环中遇见问题。
警告: DE# 74879, TYPE   144: 通过使用3D 剪裁曲线，错误被修正。
错误:   DE# 75123, TYPE   144: 在外剪裁环中遇见问题。
警告: DE# 75123, TYPE   144: 通过使用3D 剪裁曲线，错误被修正。
错误:   DE# 76119, TYPE   144: 在内剪裁环中遇见问题。
警告: DE# 76119, TYPE   144: 通过使用3D 剪裁曲线，错误被修正。
错误:   DE# 76807, TYPE   144: 在内剪裁环中遇见问题。
警告: DE# 76807, TYPE   144: 通过使用3D 剪裁曲线，错误被修正。
错误:   DE# 77423, TYPE   144: 在外剪裁环中遇见问题。
警告: DE# 77423, TYPE   144: 通过使用3D 剪裁曲线，错误被修正。
错误:   DE# 77971, TYPE   144: 在外剪裁环中遇见问题。
警告: DE# 77971, TYPE   144: 通过使用3D 剪裁曲线，错误被修正。
错误:   DE# 78387, TYPE   144: 在内剪裁环中遇见问题。
警告: DE# 78387, TYPE   144: 通过使用3D 剪裁曲线，错误被修正。
错误:   DE# 78439, TYPE   144: 在外剪裁环中遇见问题。
警告: DE# 78439, TYPE   144: 通过使用3D 剪裁曲线，错误被修正。
错误:   DE# 78575, TYPE   144: 在外剪裁环中遇见问题。
警告: DE# 78575, TYPE   144: 通过使用3D 剪裁曲线，错误被修正。
错误:   DE# 78711, TYPE   144: 在内剪裁环中遇见问题。
警告: DE# 78711, TYPE   144: 通过使用3D 剪裁曲线，错误被修正。
错误:   DE# 78855, TYPE   144: 在内剪裁环中遇见问题。
警告: DE# 78855, TYPE   144: 通过使用3D 剪裁曲线，错误被修正。
错误:   DE# 79115, TYPE   144: 在外剪裁环中遇见问题。
警告: DE# 79115, TYPE   144: 通过使用3D 剪裁曲线，错误被修正。
错误:   DE# 79207, TYPE   144: 在外剪裁环中遇见问题。
警告: DE# 79207, TYPE   144: 通过使用3D 剪裁曲线，错误被修正。
错误:   DE# 79295, TYPE   144: 在外剪裁环中遇见问题。
警告: DE# 79295, TYPE   144: 通过使用3D 剪裁曲线，错误被修正。
错误:   DE# 79335, TYPE   144: 在内剪裁环中遇见问题。
警告: DE# 79335, TYPE   144: 通过使用3D 剪裁曲线，错误被修正。
错误:   DE# 79359, TYPE   144: 在外剪裁环中遇见问题。
警告: DE# 79359, TYPE   144: 通过使用3D 剪裁曲线，错误被修正。
错误:   DE# 79423, TYPE   144: 在外剪裁环中遇见问题。
警告: DE# 79423, TYPE   144: 通过使用3D 剪裁曲线，错误被修正。
错误:   DE# 80487, TYPE   144: 在外剪裁环中遇见问题。
警告: DE# 80487, TYPE   144: 通过使用3D 剪裁曲线，错误被修正。
错误:   DE# 80679, TYPE   144: 在外剪裁环中遇见问题。
警告: DE# 80679, TYPE   144: 通过使用3D 剪裁曲线，错误被修正。
错误:   DE# 80759, TYPE   144: 在外剪裁环中遇见问题。
警告: DE# 80759, TYPE   144: 通过使用3D 剪裁曲线，错误被修正。
错误:   DE# 80967, TYPE   144: 在外剪裁环中遇见问题。
警告: DE# 80967, TYPE   144: 通过使用3D 剪裁曲线，错误被修正。
错误:   DE# 81279, TYPE   144: 在内剪裁环中遇见问题。
警告: DE# 81279, TYPE   144: 通过使用3D 剪裁曲线，错误被修正。
错误:   DE# 81459, TYPE   144: 在内剪裁环中遇见问题。
警告: DE# 81459, TYPE   144: 通过使用3D 剪裁曲线，错误被修正。
错误:   DE# 81511, TYPE   144: 在外剪裁环中遇见问题。
警告: DE# 81511, TYPE   144: 通过使用3D 剪裁曲线，错误被修正。
错误:   DE# 81535, TYPE   144: 在外剪裁环中遇见问题。
警告: DE# 81535, TYPE   144: 通过使用3D 剪裁曲线，错误被修正。
错误:   DE# 81847, TYPE   144: 在外剪裁环中遇见问题。
警告: DE# 81847, TYPE   144: 通过使用3D 剪裁曲线，错误被修正。
错误:   DE# 82895, TYPE   144: 在外剪裁环中遇见问题。
警告: DE# 82895, TYPE   144: 通过使用3D 剪裁曲线，错误被修正。
错误:   DE# 83199, TYPE   144: 在外剪裁环中遇见问题。
警告: DE# 83199, TYPE   144: 通过使用3D 剪裁曲线，错误被修正。
错误:   DE# 83483, TYPE   144: 在外剪裁环中遇见问题。
警告: DE# 83483, TYPE   144: 通过使用3D 剪裁曲线，错误被修正。
错误:   DE# 83823, TYPE   144: 在外剪裁环中遇见问题。
警告: DE# 83823, TYPE   144: 通过使用3D 剪裁曲线，错误被修正。
错误:   DE# 84569, TYPE   144: 在外剪裁环中遇见问题。
警告: DE# 84569, TYPE   144: 通过使用3D 剪裁曲线，错误被修正。
错误:   DE# 84705, TYPE   144: 在外剪裁环中遇见问题。
警告: DE# 84705, TYPE   144: 通过使用3D 剪裁曲线，错误被修正。
错误:   DE# 84913, TYPE   144: 在外剪裁环中遇见问题。
警告: DE# 84913, TYPE   144: 通过使用3D 剪裁曲线，错误被修正。
错误:   DE# 84953, TYPE   144: 在内剪裁环中遇见问题。
警告: DE# 84953, TYPE   144: 通过使用3D 剪裁曲线，错误被修正。
错误:   DE# 85177, TYPE   144: 在外剪裁环中遇见问题。
警告: DE# 85177, TYPE   144: 通过使用3D 剪裁曲线，错误被修正。
错误:   DE# 85393, TYPE   144: 在外剪裁环中遇见问题。
警告: DE# 85393, TYPE   144: 通过使用3D 剪裁曲线，错误被修正。
错误:   DE# 85449, TYPE   144: 在外剪裁环中遇见问题。
警告: DE# 85449, TYPE   144: 通过使用3D 剪裁曲线，错误被修正。
错误:   DE# 85577, TYPE   144: 在外剪裁环中遇见问题。
警告: DE# 85577, TYPE   144: 通过使用3D 剪裁曲线，错误被修正。
错误:   DE# 85617, TYPE   144: 在内剪裁环中遇见问题。
警告: DE# 85617, TYPE   144: 通过使用3D 剪裁曲线，错误被修正。
错误:   DE# 85873, TYPE   144: 在外剪裁环中遇见问题。
警告: DE# 85873, TYPE   144: 通过使用3D 剪裁曲线，错误被修正。
错误:   DE# 85897, TYPE   144: 在外剪裁环中遇见问题。
警告: DE# 85897, TYPE   144: 通过使用3D 剪裁曲线，错误被修正。
错误:   DE# 86357, TYPE   144: 在内剪裁环中遇见问题。
警告: DE# 86357, TYPE   144: 通过使用3D 剪裁曲线，错误被修正。
错误:   DE# 86373, TYPE   144: 在外剪裁环中遇见问题。
警告: DE# 86373, TYPE   144: 通过使用3D 剪裁曲线，错误被修正。
错误:   DE# 87241, TYPE   144: 在内剪裁环中遇见问题。
警告: DE# 87241, TYPE   144: 通过使用3D 剪裁曲线，错误被修正。
错误:   DE# 87457, TYPE   144: 在外剪裁环中遇见问题。
警告: DE# 87457, TYPE   144: 通过使用3D 剪裁曲线，错误被修正。
错误:   DE# 87505, TYPE   144: 在内剪裁环中遇见问题。
警告: DE# 87505, TYPE   144: 通过使用3D 剪裁曲线，错误被修正。
错误:   DE# 88017, TYPE   144: 在外剪裁环中遇见问题。
警告: DE# 88017, TYPE   144: 通过使用3D 剪裁曲线，错误被修正。
错误:   DE# 88145, TYPE   144: 在内剪裁环中遇见问题。
警告: DE# 88145, TYPE   144: 通过使用3D 剪裁曲线，错误被修正。
错误:   DE# 88261, TYPE   144: 在外剪裁环中遇见问题。
警告: DE# 88261, TYPE   144: 通过使用3D 剪裁曲线，错误被修正。
错误:   DE# 88983, TYPE   144: 在内剪裁环中遇见问题。
警告: DE# 88983, TYPE   144: 通过使用3D 剪裁曲线，错误被修正。
错误:   DE# 89443, TYPE   144: 在内剪裁环中遇见问题。
警告: DE# 89443, TYPE   144: 通过使用3D 剪裁曲线，错误被修正。
错误:   DE# 89691, TYPE   144: 在内剪裁环中遇见问题。
警告: DE# 89691, TYPE   144: 通过使用3D 剪裁曲线，错误被修正。
错误:   DE# 89707, TYPE   144: 在外剪裁环中遇见问题。
警告: DE# 89707, TYPE   144: 通过使用3D 剪裁曲线，错误被修正。
错误:   DE# 89911, TYPE   144: 在外剪裁环中遇见问题。
警告: DE# 89911, TYPE   144: 通过使用3D 剪裁曲线，错误被修正。
错误:   DE# 89927, TYPE   144: 在外剪裁环中遇见问题。
警告: DE# 89927, TYPE   144: 通过使用3D 剪裁曲线，错误被修正。
错误:   DE# 90091, TYPE   144: 在内剪裁环中遇见问题。
警告: DE# 90091, TYPE   144: 通过使用3D 剪裁曲线，错误被修正。
错误:   DE# 90419, TYPE   144: 在外剪裁环中遇见问题。
警告: DE# 90419, TYPE   144: 通过使用3D 剪裁曲线，错误被修正。
错误:   DE# 90807, TYPE   144: 在内剪裁环中遇见问题。
警告: DE# 90807, TYPE   144: 通过使用3D 剪裁曲线，错误被修正。
错误:   DE# 91283, TYPE   144: 在内剪裁环中遇见问题。
警告: DE# 91283, TYPE   144: 通过使用3D 剪裁曲线，错误被修正。
错误:   DE# 92161, TYPE   144: 在外剪裁环中遇见问题。
警告: DE# 92161, TYPE   144: 通过使用3D 剪裁曲线，错误被修正。
错误:   DE# 92929, TYPE   144: 在外剪裁环中遇见问题。
警告: DE# 92929, TYPE   144: 通过使用3D 剪裁曲线，错误被修正。
错误:   DE# 94513, TYPE   144: 在内剪裁环中遇见问题。
警告: DE# 94513, TYPE   144: 通过使用3D 剪裁曲线，错误被修正。
错误:   DE# 94889, TYPE   144: 在内剪裁环中遇见问题。
警告: DE# 94889, TYPE   144: 通过使用3D 剪裁曲线，错误被修正。
错误:   DE# 95469, TYPE   144: 在外剪裁环中遇见问题。
警告: DE# 95469, TYPE   144: 通过使用3D 剪裁曲线，错误被修正。
错误:   DE# 95857, TYPE   144: 在内剪裁环中遇见问题。
警告: DE# 95857, TYPE   144: 通过使用3D 剪裁曲线，错误被修正。
错误:   DE# 95985, TYPE   144: 在内剪裁环中遇见问题。
警告: DE# 95985, TYPE   144: 通过使用3D 剪裁曲线，错误被修正。
错误:   DE# 96885, TYPE   144: 在外剪裁环中遇见问题。
警告: DE# 96885, TYPE   144: 通过使用3D 剪裁曲线，错误被修正。
错误:   DE# 96913, TYPE   144: 在外剪裁环中遇见问题。
警告: DE# 96913, TYPE   144: 通过使用3D 剪裁曲线，错误被修正。
错误:   DE# 97413, TYPE   144: 在外剪裁环中遇见问题。
警告: DE# 97413, TYPE   144: 通过使用3D 剪裁曲线，错误被修正。
错误:   DE# 97613, TYPE   144: 在内剪裁环中遇见问题。
警告: DE# 97613, TYPE   144: 通过使用3D 剪裁曲线，错误被修正。
错误:   DE# 98325, TYPE   144: 在外剪裁环中遇见问题。
警告: DE# 98325, TYPE   144: 通过使用3D 剪裁曲线，错误被修正。
错误:   DE# 98629, TYPE   144: 在内剪裁环中遇见问题。
警告: DE# 98629, TYPE   144: 通过使用3D 剪裁曲线，错误被修正。
错误:   DE#100793, TYPE   144: 在内剪裁环中遇见问题。
警告: DE#100793, TYPE   144: 通过使用3D 剪裁曲线，错误被修正。
错误:   DE#101001, TYPE   144: 在内剪裁环中遇见问题。
警告: DE#101001, TYPE   144: 通过使用3D 剪裁曲线，错误被修正。
错误:   DE#101493, TYPE   144: 在内剪裁环中遇见问题。
警告: DE#101493, TYPE   144: 通过使用3D 剪裁曲线，错误被修正。
错误:   DE#102585, TYPE   144: 在外剪裁环中遇见问题。
警告: DE#102585, TYPE   144: 通过使用3D 剪裁曲线，错误被修正。
错误:   DE#103629, TYPE   144: 在内剪裁环中遇见问题。
警告: DE#103629, TYPE   144: 通过使用3D 剪裁曲线，错误被修正。
错误:   DE#104147, TYPE   144: 在外剪裁环中遇见问题。
警告: DE#104147, TYPE   144: 通过使用3D 剪裁曲线，错误被修正。
错误:   DE#104163, TYPE   144: 在外剪裁环中遇见问题。
警告: DE#104163, TYPE   144: 通过使用3D 剪裁曲线，错误被修正。
错误:   DE#104221, TYPE   144: 在外剪裁环中遇见问题。
警告: DE#104221, TYPE   144: 通过使用3D 剪裁曲线，错误被修正。
错误:   DE#104273, TYPE   144: 在外剪裁环中遇见问题。
警告: DE#104273, TYPE   144: 通过使用3D 剪裁曲线，错误被修正。
错误:   DE#104331, TYPE   144: 在外剪裁环中遇见问题。
警告: DE#104331, TYPE   144: 通过使用3D 剪裁曲线，错误被修正。
错误:   DE#104347, TYPE   144: 在外剪裁环中遇见问题。
警告: DE#104347, TYPE   144: 通过使用3D 剪裁曲线，错误被修正。
错误:   DE#104883, TYPE   144: 在内剪裁环中遇见问题。
警告: DE#104883, TYPE   144: 通过使用3D 剪裁曲线，错误被修正。
错误:   DE#105259, TYPE   144: 在内剪裁环中遇见问题。
警告: DE#105259, TYPE   144: 通过使用3D 剪裁曲线，错误被修正。
错误:   DE#105347, TYPE   144: 在外剪裁环中遇见问题。
警告: DE#105347, TYPE   144: 通过使用3D 剪裁曲线，错误被修正。
错误:   DE#105715, TYPE   144: 在外剪裁环中遇见问题。
警告: DE#105715, TYPE   144: 通过使用3D 剪裁曲线，错误被修正。
错误:   DE#106195, TYPE   144: 在外剪裁环中遇见问题。
警告: DE#106195, TYPE   144: 通过使用3D 剪裁曲线，错误被修正。
错误:   DE#106243, TYPE   144: 在外剪裁环中遇见问题。
警告: DE#106243, TYPE   144: 通过使用3D 剪裁曲线，错误被修正。
错误:   DE#106367, TYPE   144: 在外剪裁环中遇见问题。
警告: DE#106367, TYPE   144: 通过使用3D 剪裁曲线，错误被修正。
错误:   DE#106455, TYPE   144: 在外剪裁环中遇见问题。
警告: DE#106455, TYPE   144: 通过使用3D 剪裁曲线，错误被修正。
错误:   DE#106515, TYPE   144: 在内剪裁环中遇见问题。
警告: DE#106515, TYPE   144: 通过使用3D 剪裁曲线，错误被修正。
错误:   DE#106871, TYPE   144: 在外剪裁环中遇见问题。
警告: DE#106871, TYPE   144: 通过使用3D 剪裁曲线，错误被修正。
错误:   DE#106895, TYPE   144: 在外剪裁环中遇见问题。
警告: DE#106895, TYPE   144: 通过使用3D 剪裁曲线，错误被修正。
错误:   DE#107667, TYPE   144: 在外剪裁环中遇见问题。
警告: DE#107667, TYPE   144: 通过使用3D 剪裁曲线，错误被修正。
错误:   DE#107847, TYPE   144: 在外剪裁环中遇见问题。
警告: DE#107847, TYPE   144: 通过使用3D 剪裁曲线，错误被修正。
错误:   DE#107995, TYPE   144: 在外剪裁环中遇见问题。
警告: DE#107995, TYPE   144: 通过使用3D 剪裁曲线，错误被修正。
错误:   DE#108035, TYPE   144: 在内剪裁环中遇见问题。
警告: DE#108035, TYPE   144: 通过使用3D 剪裁曲线，错误被修正。
错误:   DE#108543, TYPE   144: 在内剪裁环中遇见问题。
警告: DE#108543, TYPE   144: 通过使用3D 剪裁曲线，错误被修正。
错误:   DE#108615, TYPE   144: 在内剪裁环中遇见问题。
警告: DE#108615, TYPE   144: 通过使用3D 剪裁曲线，错误被修正。
错误:   DE#110367, TYPE   144: 在内剪裁环中遇见问题。
警告: DE#110367, TYPE   144: 通过使用3D 剪裁曲线，错误被修正。
错误:   DE#110483, TYPE   144: 在外剪裁环中遇见问题。
警告: DE#110483, TYPE   144: 通过使用3D 剪裁曲线，错误被修正